=========================================
        CuPy Environment Config          
=========================================
OS                           : Linux-6.1.167-1.el9.elrepo.x86_64-x86_64-with-glibc2.34
Python Version               : 3.12.13
CuPy Version                 : 13.6.0
CuPy Platform                : NVIDIA CUDA
NumPy Version                : 1.26.4
SciPy Version                : None
Cython Build Version         : 3.1.3
Cython Runtime Version       : None
CUDA Root                    : None
nvcc PATH                    : None
CUDA Build Version           : 13000
CUDA Driver Version          : 13020
CUDA Runtime Version         : 13000 (linked to CuPy) / RuntimeError('CuPy failed to load libcudart.so.13: OSError: libcudart.so.13: cannot open shared object file: No such file or directory') (locally installed)
CUDA Extra Include Dirs      : ['/dtu/projects/02613_2025/conda/miniconda3/envs/02613_2026/targets/x86_64-linux/include', '/dtu/projects/02613_2025/conda/miniconda3/envs/02613_2026/include']
cuBLAS Version               : (available)
cuFFT Version                : 12200
cuRAND Version               : 10402
cuSOLVER Version             : (12, 1, 0)
cuSPARSE Version             : (available)
NVRTC Version                : (13, 2)
Thrust Version               : 300001
CUB Build Version            : 200800
Jitify Build Version         : <unknown>
cuDNN Build Version          : None
cuDNN Version                : None
NCCL Build Version           : None
NCCL Runtime Version         : None
cuTENSOR Version             : None
cuSPARSELt Build Version     : None
Device 0 Name                : NVIDIA A40
Device 0 Compute Capability  : 86
Device 0 PCI Bus ID          : 0000:B1:00.0
=========================================
Starting Task 9: CuPy implementation on GPU...
Task 9 finished. Results in Task_9/cupy_results.csv

------------------------------------------------------------
Sender: LSF System <lsfadmin@hpc.dtu.dk>
Subject: Job 28224653: <task9_cupy> in cluster <dcc> Done

Job <task9_cupy> was submitted from host <hpclogin1> by user <s252766> in cluster <dcc> at Thu Apr 16 13:28:49 2026
Job was executed on host(s) <4*n-62-18-4>, in queue <gpua40>, as user <s252766> in cluster <dcc> at Thu Apr 16 21:40:16 2026
</zhome/90/8/222920> was used as the home directory.
</zhome/90/8/222920/Documents/project> was used as the working directory.
Started at Thu Apr 16 21:40:16 2026
Terminated at Thu Apr 16 21:43:00 2026
Results reported at Thu Apr 16 21:43:00 2026

Your job looked like:

------------------------------------------------------------
# LSBATCH: User input
#!/bin/bash
#BSUB -J task9_cupy                # Job name
#BSUB -q gpua40                   # GPU queue (Verified)
#BSUB -gpu "num=1:mode=exclusive_process" # Request 1 GPU
#BSUB -W 0:30                      # Wall time limit
#BSUB -n 4                         # Request 4 CPU cores per GPU (DTU rule)
#BSUB -R "span[hosts=1]"           # Single node constraint
#BSUB -R "rusage[mem=8000]"        # Memory allocation (8GB)
#BSUB -o Task_9/cupy_%J.out        # Output log
#BSUB -e Task_9/cupy_%J.err        # Error log

# Create output directory
mkdir -p Task_9

rm -rf ~/.cupy/compiler_cache


# Activate Conda environment
source /dtu/projects/02613_2025/conda/miniconda3/bin/activate 02613_2026

echo "========================================="
echo "        CuPy Environment Config          "
echo "========================================="

python3 -c "import cupy; cupy.show_config()"
echo "========================================="

#export LD_LIBRARY_PATH=/dtu/projects/02613_2025/conda/miniconda3/envs/02613_2026/lib:$LD_LIBRARY_PATH
# Test parameters
N_BUILDINGS=48

echo "Starting Task 9: CuPy implementation on GPU..."

# Run Python script and save to CSV format
python3 9_cupy_jacobi.py $N_BUILDINGS > Task_9/cupy_results.csv 2>&1

echo "Task 9 finished. Results in Task_9/cupy_results.csv"
------------------------------------------------------------

Successfully completed.

Resource usage summary:

    CPU time :                                   156.00 sec.
    Max Memory :                                 122 MB
    Average Memory :                             111.50 MB
    Total Requested Memory :                     32000.00 MB
    Delta Memory :                               31878.00 MB
    Max Swap :                                   -
    Max Processes :                              4
    Max Threads :                                10
    Run time :                                   164 sec.
    Turnaround time :                            29651 sec.

The output (if any) is above this job summary.



PS:

Read file <Task_9/cupy_28224653.err> for stderr output of this job.

