Sender: LSF System <lsfadmin@hpc.dtu.dk>
Subject: Job 28219198: <task5_scaling> in cluster <dcc> Done

Job <task5_scaling> was submitted from host <hpclogin1> by user <s252766> in cluster <dcc> at Wed Apr 15 16:03:37 2026
Job was executed on host(s) <24*n-62-13-6>, in queue <hpc>, as user <s252766> in cluster <dcc> at Wed Apr 15 17:37:08 2026
</zhome/90/8/222920> was used as the home directory.
</zhome/90/8/222920/Documents/project> was used as the working directory.
Started at Wed Apr 15 17:37:08 2026
Terminated at Wed Apr 15 17:49:34 2026
Results reported at Wed Apr 15 17:49:34 2026

Your job looked like:

------------------------------------------------------------
# LSBATCH: User input
#!/bin/bash
#BSUB -J task5_scaling            # Job name
#BSUB -q hpc                      # HPC queue
#BSUB -W 1:00                     # Wall time limit
#BSUB -n 24                       # Number of CPU cores
#BSUB -R "span[hosts=1]"          # Single node restriction
#BSUB -R "rusage[mem=4000]"       # Memory per core
#BSUB -o Task_5/scaling_%J.out    # Standard output log path
#BSUB -e Task_5/scaling_%J.err    # Error log path

# Create output directory
mkdir -p Task_5

# Activate conda environment
source /dtu/projects/02613_2025/conda/miniconda3/bin/activate 02613_2026

# Parameters for scaling test
N=48                              # Number of floorplans
cores_list=(1 2 4 8 12 24)        # List of core counts to test

# Prepare results file
RESULT_FILE="Task_5/speedup.csv"
echo "cores,time_seconds,speedup" > $RESULT_FILE

baseline_time=0

# Scaling test loop
for cores in "${cores_list[@]}"; do
    echo "Running with $cores cores..."

    start=$(date +%s.%N) # Record start time

    # Execute parallel simulation
    python3 5_simulate_parallel.py $N $cores > /dev/null

    end=$(date +%s.%N) # Record end time
    runtime=$(echo "$end - $start" | bc)

    # Compute speedup relative to 1-core baseline
    if [ "$cores" -eq 1 ]; then
        baseline_time=$runtime
        speedup=1.0
    else
        speedup=$(echo "scale=4; $baseline_time / $runtime" | bc)
    fi

    # Append results to CSV
    echo "$cores,$runtime,$speedup" >> $RESULT_FILE
done


(... more ...)
------------------------------------------------------------

Successfully completed.

Resource usage summary:

    CPU time :                                   2302.12 sec.
    Max Memory :                                 88 MB
    Average Memory :                             60.50 MB
    Total Requested Memory :                     96000.00 MB
    Delta Memory :                               95912.00 MB
    Max Swap :                                   -
    Max Processes :                              12
    Max Threads :                                16
    Run time :                                   746 sec.
    Turnaround time :                            6357 sec.

The output (if any) follows:

Running with 1 cores...
Running with 2 cores...
Running with 4 cores...
Running with 8 cores...
Running with 12 cores...
Running with 24 cores...
Test finished. Data saved to Task_5/speedup.csv


PS:

Read file <Task_5/scaling_28219198.err> for stderr output of this job.

