Starting Task 10 Fix: Running FUSED CuPy implementation...
Task 10 Fix finished. Results are saved in Task_10/fix_results.csv

------------------------------------------------------------
Sender: LSF System <lsfadmin@hpc.dtu.dk>
Subject: Job 28229313: <task10_fix> in cluster <dcc> Done

Job <task10_fix> was submitted from host <hpclogin1> by user <s252766> in cluster <dcc> at Fri Apr 17 12:08:08 2026
Job was executed on host(s) <4*n-62-18-4>, in queue <gpua40>, as user <s252766> in cluster <dcc> at Sat Apr 18 06:26:04 2026
</zhome/90/8/222920> was used as the home directory.
</zhome/90/8/222920/Documents/project> was used as the working directory.
Started at Sat Apr 18 06:26:04 2026
Terminated at Sat Apr 18 06:28:22 2026
Results reported at Sat Apr 18 06:28:22 2026

Your job looked like:

------------------------------------------------------------
# LSBATCH: User input
#!/bin/bash
#BSUB -J task10_fix                # Job name
#BSUB -q gpua40                    # Verified Ampere queue
#BSUB -gpu "num=1:mode=exclusive_process" # Exclusive mode for accurate timing
#BSUB -W 0:30                      # Wall time limit
#BSUB -n 4                         # CPU cores
#BSUB -R "span[hosts=1]"           # Single node
#BSUB -R "rusage[mem=8000]"        # Memory allocation
#BSUB -o Task_10/fix_%J.out        # Output log
#BSUB -e Task_10/fix_%J.err        # Error log

# Create output directory
mkdir -p Task_10

# Clear CuPy cache
rm -rf ~/.cupy/compiler_cache

# Activate pure Conda environment
source /dtu/projects/02613_2025/conda/miniconda3/bin/activate 02613_2026

# Test all 48 buildings for fair comparison
N_BUILDINGS=48

echo "Starting Task 10 Fix: Running FUSED CuPy implementation..."

# Run fixed Python script
python3 10_fix.py $N_BUILDINGS > Task_10/fix_results.csv 2>&1

echo "Task 10 Fix finished. Results are saved in Task_10/fix_results.csv"
------------------------------------------------------------

Successfully completed.

Resource usage summary:

    CPU time :                                   134.00 sec.
    Max Memory :                                 129 MB
    Average Memory :                             124.33 MB
    Total Requested Memory :                     32000.00 MB
    Delta Memory :                               31871.00 MB
    Max Swap :                                   -
    Max Processes :                              4
    Max Threads :                                10
    Run time :                                   138 sec.
    Turnaround time :                            66014 sec.

The output (if any) is above this job summary.



PS:

Read file <Task_10/fix_28229313.err> for stderr output of this job.

